[    0.000000] Initializing cgroup subsys cpuset
[    0.000000] Initializing cgroup subsys cpu
[    0.000000] Initializing cgroup subsys cpuacct
[    0.000000] Linux version 4.4.0-96-generic (buildd@lgw01-10) (gcc version 5.4.0 20160609 (Ubuntu 5.4.0-6ubuntu1~16.04.4) ) #119-Ubuntu SMP Tue Sep 12 14:59:54 UTC 2017 (Ubuntu 4.4.0-96.119-generic 4.4.83)
[    0.000000] Command line: BOOT_IMAGE=/boot/vmlinuz-4.4.0-96-generic root=LABEL=cloudimg-rootfs ro console=tty1 console=ttyS0
[    0.000000] KERNEL supported cpus:
[    0.000000]   Intel GenuineIntel
[    0.000000]   AMD AuthenticAMD
[    0.000000]   Centaur CentaurHauls
[    0.000000] x86/fpu: xstate_offset[2]:  576, xstate_sizes[2]:  256
[    0.000000] x86/fpu: Supporting XSAVE feature 0x01: 'x87 floating point registers'
[    0.000000] x86/fpu: Supporting XSAVE feature 0x02: 'SSE registers'
[    0.000000] x86/fpu: Supporting XSAVE feature 0x04: 'AVX registers'
[    0.000000] x86/fpu: Enabled xstate features 0x7, context size is 832 bytes, using 'standard' format.
[    0.000000] x86/fpu: Using 'lazy' FPU context switches.
[    0.000000] e820: BIOS-provided physical RAM map:
[    0.000000] BIOS-e820: [mem 0x0000000000000000-0x000000000009fbff] usable
[    0.000000] BIOS-e820: [mem 0x000000000009fc00-0x000000000009ffff] reserved
[    0.000000] BIOS-e820: [mem 0x00000000000f0000-0x00000000000fffff] reserved
[    0.000000] BIOS-e820: [mem 0x0000000000100000-0x000000001ffeffff] usable
[    0.000000] BIOS-e820: [mem 0x000000001fff0000-0x000000001fffffff] ACPI data
[    0.000000] BIOS-e820: [mem 0x00000000fec00000-0x00000000fec00fff] reserved
[    0.000000] BIOS-e820: [mem 0x00000000fee00000-0x00000000fee00fff] reserved
[    0.000000] BIOS-e820: [mem 0x00000000fffc0000-0x00000000ffffffff] reserved
[    0.000000] NX (Execute Disable) protection: active
[    0.000000] SMBIOS 2.5 present.
[    0.000000] Hypervisor detected: KVM
[    0.000000] e820: last_pfn = 0x1fff0 max_arch_pfn = 0x400000000
[    0.000000] MTRR: Disabled
[    0.000000] x86/PAT: MTRRs disabled, skipping PAT initialization too.
[    0.000000] CPU MTRRs all blank - virtualized system.
[    0.000000] x86/PAT: Configuration [0-7]: WB  WT  UC- UC  WB  WT  UC- UC  
[    0.000000] found SMP MP-table at [mem 0x0009fff0-0x0009ffff] mapped at [ffff88000009fff0]
[    0.000000] Scanning 1 areas for low memory corruption
[    0.000000] RAMDISK: [mem 0x1ed02000-0x1f786fff]
[    0.000000] ACPI: Early table checksum verification disabled
[    0.000000] ACPI: RSDP 0x00000000000E0000 000024 (v02 VBOX  )
[    0.000000] ACPI: XSDT 0x000000001FFF0030 00003C (v01 VBOX   VBOXXSDT 00000001 ASL  00000061)
[    0.000000] ACPI: FACP 0x000000001FFF00F0 0000F4 (v04 VBOX   VBOXFACP 00000001 ASL  00000061)
[    0.000000] ACPI: DSDT 0x000000001FFF0470 0021C8 (v02 VBOX   VBOXBIOS 00000002 INTL 20100528)
[    0.000000] ACPI: FACS 0x000000001FFF0200 000040
[    0.000000] ACPI: FACS 0x000000001FFF0200 000040
[    0.000000] ACPI: APIC 0x000000001FFF0240 00005C (v02 VBOX   VBOXAPIC 00000001 ASL  00000061)
[    0.000000] ACPI: SSDT 0x000000001FFF02A0 0001CC (v01 VBOX   VBOXCPUT 00000002 INTL 20100528)
[    0.000000] No NUMA configuration found
[    0.000000] Faking a node at [mem 0x0000000000000000-0x000000001ffeffff]
[    0.000000] NODE_DATA(0) allocated [mem 0x1ffeb000-0x1ffeffff]
[    0.000000] kvm-clock: Using msrs 4b564d01 and 4b564d00
[    0.000000] kvm-clock: cpu 0, msr 0:1ffe3001, primary cpu clock
[    0.000000] kvm-clock: using sched offset of 4718500737 cycles
[    0.000000] clocksource: kvm-clock: mask: 0xffffffffffffffff max_cycles: 0x1cd42e4dffb, max_idle_ns: 881590591483 ns
[    0.000000] Zone ranges:
[    0.000000]   DMA      [mem 0x0000000000001000-0x0000000000ffffff]
[    0.000000]   DMA32    [mem 0x0000000001000000-0x000000001ffeffff]
[    0.000000]   Normal   empty
[    0.000000]   Device   empty
[    0.000000] Movable zone start for each node
[    0.000000] Early memory node ranges
[    0.000000]   node   0: [mem 0x0000000000001000-0x000000000009efff]
[    0.000000]   node   0: [mem 0x0000000000100000-0x000000001ffeffff]
[    0.000000] Initmem setup node 0 [mem 0x0000000000001000-0x000000001ffeffff]
[    0.000000] ACPI: PM-Timer IO Port: 0x4008
[    0.000000] IOAPIC[0]: apic_id 2, version 32, address 0xfec00000, GSI 0-23
[    0.000000] ACPI: INT_SRC_OVR (bus 0 bus_irq 0 global_irq 2 dfl dfl)
[    0.000000] ACPI: INT_SRC_OVR (bus 0 bus_irq 9 global_irq 9 high level)
[    0.000000] Using ACPI (MADT) for SMP configuration information
[    0.000000] smpboot: Allowing 2 CPUs, 0 hotplug CPUs
[    0.000000] PM: Registered nosave memory: [mem 0x00000000-0x00000fff]
[    0.000000] PM: Registered nosave memory: [mem 0x0009f000-0x0009ffff]
[    0.000000] PM: Registered nosave memory: [mem 0x000a0000-0x000effff]
[    0.000000] PM: Registered nosave memory: [mem 0x000f0000-0x000fffff]
[    0.000000] e820: [mem 0x20000000-0xfebfffff] available for PCI devices
[    0.000000] Booting paravirtualized kernel on KVM
[    0.000000] clocksource: refined-jiffies: mask: 0xffffffff max_cycles: 0xffffffff, max_idle_ns: 7645519600211568 ns
[    0.000000] setup_percpu: NR_CPUS:512 nr_cpumask_bits:512 nr_cpu_ids:2 nr_node_ids:1
[    0.000000] PERCPU: Embedded 34 pages/cpu @ffff88001fc00000 s98328 r8192 d32744 u1048576
[    0.000000] PV qspinlock hash table entries: 256 (order: 0, 4096 bytes)
[    0.000000] Built 1 zonelists in Node order, mobility grouping on.  Total pages: 128889
[    0.000000] Policy zone: DMA32
[    0.000000] Kernel command line: BOOT_IMAGE=/boot/vmlinuz-4.4.0-96-generic root=LABEL=cloudimg-rootfs ro console=tty1 console=ttyS0
[    0.000000] PID hash table entries: 2048 (order: 2, 16384 bytes)
[    0.000000] Memory: 485712K/523832K available (8479K kernel code, 1294K rwdata, 3984K rodata, 1492K init, 1316K bss, 38120K reserved, 0K cma-reserved)
[    0.000000] SLUB: HWalign=64, Order=0-3, MinObjects=0, CPUs=2, Nodes=1
[    0.000000] Hierarchical RCU implementation.
[    0.000000] 	Build-time adjustment of leaf fanout to 64.
[    0.000000] 	RCU restricting CPUs from NR_CPUS=512 to nr_cpu_ids=2.
[    0.000000] RCU: Adjusting geometry for rcu_fanout_leaf=64, nr_cpu_ids=2
[    0.000000] NR_IRQS:33024 nr_irqs:440 16
[    0.000000] Console: colour VGA+ 80x25
[    0.000000] console [tty1] enabled
[    0.000000] console [ttyS0] enabled
[    0.000000] tsc: Detected 2699.998 MHz processor
[    4.452350] Calibrating delay loop (skipped) preset value.. 5399.99 BogoMIPS (lpj=10799992)
[    4.461778] pid_max: default: 32768 minimum: 301
[    4.466100] ACPI: Core revision 20150930
[    4.480768] ACPI: 2 ACPI AML tables successfully acquired and loaded
[    4.510927] Security Framework initialized
[    4.518054] Yama: becoming mindful.
[    4.605780] AppArmor: AppArmor initialized
[    4.690198] Dentry cache hash table entries: 65536 (order: 7, 524288 bytes)
[    4.821304] Inode-cache hash table entries: 32768 (order: 6, 262144 bytes)
[    4.881824] Mount-cache hash table entries: 1024 (order: 1, 8192 bytes)
[    4.933270] Mountpoint-cache hash table entries: 1024 (order: 1, 8192 bytes)
[    4.982799] Initializing cgroup subsys io
[    5.036312] Initializing cgroup subsys memory
[    5.076949] Initializing cgroup subsys devices
[    5.129466] Initializing cgroup subsys freezer
[    5.179288] Initializing cgroup subsys net_cls
[    5.223300] Initializing cgroup subsys perf_event
[    5.268086] Initializing cgroup subsys net_prio
[    5.314344] Initializing cgroup subsys hugetlb
[    5.362573] Initializing cgroup subsys pids
[    5.406109] CPU: Physical Processor ID: 0
[    5.427404] CPU: Processor Core ID: 0
[    5.435669] mce: CPU supports 0 MCE banks
[    5.451755] Last level iTLB entries: 4KB 64, 2MB 8, 4MB 8
[    5.500345] Last level dTLB entries: 4KB 64, 2MB 0, 4MB 0, 1GB 4
[    5.538257] Freeing SMP alternatives memory: 32K
[    5.585264] ftrace: allocating 32146 entries in 126 pages
[    5.698891] smpboot: APIC(0) Converting physical 0 to logical package 0
[    5.753899] smpboot: Max logical packages: 1
[    5.797793] x2apic enabled
[    5.852046] Switched APIC routing to physical x2apic.
[    5.911024] ..TIMER: vector=0x30 apic1=0 pin1=2 apic2=-1 pin2=-1
[    6.074002] smpboot: CPU0: Intel(R) Core(TM) i5-5257U CPU @ 2.70GHz (family: 0x6, model: 0x3d, stepping: 0x4)
[    6.139867] Performance Events: unsupported p6 CPU model 61 no PMU driver, software events only.
[    6.208010] KVM setup paravirtual spinlock
[    6.220243] x86: Booting SMP configuration:
[    6.258396] .... node  #0, CPUs:      #1
[    6.310943] kvm-clock: cpu 1, msr 0:1ffe3041, secondary cpu clock
[    6.479978] mce: CPU supports 0 MCE banks
[    6.557254] x86: Booted up 1 node, 2 CPUs
[    6.611641] smpboot: Total of 2 processors activated (10799.99 BogoMIPS)
[    6.779735] devtmpfs: initialized
[    6.868404] evm: security.selinux
[    6.921714] evm: security.SMACK64
[    6.973884] evm: security.SMACK64EXEC
[    7.045931] evm: security.SMACK64TRANSMUTE
[    7.080639] evm: security.SMACK64MMAP
[    7.083258] evm: security.ima
[    7.107221] evm: security.capability
[    7.142989] clocksource: jiffies: mask: 0xffffffff max_cycles: 0xffffffff, max_idle_ns: 7645041785100000 ns
[    7.197300] futex hash table entries: 512 (order: 3, 32768 bytes)
[    7.215286] pinctrl core: initialized pinctrl subsystem
[    7.277541] RTC time:  8:14:35, date: 10/05/17
[    7.346842] NET: Registered protocol family 16
[    7.375970] cpuidle: using governor ladder
[    7.408257] cpuidle: using governor menu
[    7.480451] PCCT header not found.
[    7.527052] ACPI: bus type PCI registered
[    7.612305] acpiphp: ACPI Hot Plug PCI Controller Driver version: 0.5
[    7.759922] PCI: Using configuration type 1 for base access
[    7.892516] ACPI: Added _OSI(Module Device)
[    7.969984] ACPI: Added _OSI(Processor Device)
[    8.048939] ACPI: Added _OSI(3.0 _SCP Extensions)
[    8.082452] ACPI: Added _OSI(Processor Aggregator Device)
[    8.130394] ACPI: Executed 1 blocks of module-level executable AML code
[    8.212085] ACPI: Interpreter enabled
[    8.268771] ACPI: (supports S0 S5)
[    8.310170] ACPI: Using IOAPIC for interrupt routing
[    8.363816] PCI: Using host bridge windows from ACPI; if necessary, use "pci=nocrs" and report a bug
[    8.402630] ACPI: PCI Root Bridge [PCI0] (domain 0000 [bus 00-ff])
[    8.537852] acpi PNP0A03:00: _OSC: OS supports [ASPM ClockPM Segments MSI]
[    8.693078] acpi PNP0A03:00: _OSC failed (AE_NOT_FOUND); disabling ASPM
[    8.746223] acpi PNP0A03:00: fail to add MMCONFIG information, can't access extended PCI configuration space under this bridge.
[    8.964558] PCI host bridge to bus 0000:00
[    9.060495] pci_bus 0000:00: root bus resource [io  0x0000-0x0cf7 window]
[    9.156826] pci_bus 0000:00: root bus resource [io  0x0d00-0xffff window]
[    9.288045] pci_bus 0000:00: root bus resource [mem 0x000a0000-0x000bffff window]
[    9.411047] pci_bus 0000:00: root bus resource [mem 0x20000000-0xffdfffff window]
[    9.541780] pci_bus 0000:00: root bus resource [bus 00-ff]
[    9.642920] pci 0000:00:01.1: legacy IDE quirk: reg 0x10: [io  0x01f0-0x01f7]
[    9.683150] pci 0000:00:01.1: legacy IDE quirk: reg 0x14: [io  0x03f6]
[    9.763491] pci 0000:00:01.1: legacy IDE quirk: reg 0x18: [io  0x0170-0x0177]
[    9.915084] pci 0000:00:01.1: legacy IDE quirk: reg 0x1c: [io  0x0376]
[   10.067163] pci 0000:00:07.0: quirk: [io  0x4000-0x403f] claimed by PIIX4 ACPI
[   10.200336] pci 0000:00:07.0: quirk: [io  0x4100-0x410f] claimed by PIIX4 SMB
[   10.332393] ACPI: PCI Interrupt Link [LNKA] (IRQs 5 9 10 *11)
[   10.393488] ACPI: PCI Interrupt Link [LNKB] (IRQs 5 9 10 *11)
[   10.455808] ACPI: PCI Interrupt Link [LNKC] (IRQs 5 9 *10 11)
[   10.505156] ACPI: PCI Interrupt Link [LNKD] (IRQs 5 *9 10 11)
[   10.531203] ACPI: Enabled 2 GPEs in block 00 to 07
[   10.598173] vgaarb: setting as boot device: PCI:0000:00:02.0
[   10.631672] vgaarb: device added: PCI:0000:00:02.0,decodes=io+mem,owns=io+mem,locks=none
[   10.697448] vgaarb: loaded
[   10.734205] vgaarb: bridge control possible 0000:00:02.0
[   10.753242] SCSI subsystem initialized
[   10.771123] ACPI: bus type USB registered
[   10.802982] usbcore: registered new interface driver usbfs
[   10.839095] usbcore: registered new interface driver hub
[   10.923006] usbcore: registered new device driver usb
[   10.972116] PCI: Using ACPI for IRQ routing
[   11.000659] NetLabel: Initializing
[   11.033332] NetLabel:  domain hash size = 128
[   11.087439] NetLabel:  protocols = UNLABELED CIPSOv4
[   11.137156] NetLabel:  unlabeled traffic allowed by default
[   11.151208] amd_nb: Cannot enumerate AMD northbridges
[   11.179878] clocksource: Switched to clocksource kvm-clock
[   11.270452] AppArmor: AppArmor Filesystem Enabled
[   11.346629] pnp: PnP ACPI init
[   11.356411] pnp: PnP ACPI: found 3 devices
[   11.471704] clocksource: acpi_pm: mask: 0xffffff max_cycles: 0xffffff, max_idle_ns: 2085701024 ns
[   11.518742] NET: Registered protocol family 2
[   11.600484] TCP established hash table entries: 4096 (order: 3, 32768 bytes)
[   11.627518] TCP bind hash table entries: 4096 (order: 4, 65536 bytes)
[   11.685085] TCP: Hash tables configured (established 4096 bind 4096)
[   11.712542] UDP hash table entries: 256 (order: 1, 8192 bytes)
[   11.754202] UDP-Lite hash table entries: 256 (order: 1, 8192 bytes)
[   11.774758] NET: Registered protocol family 1
[   11.805094] pci 0000:00:00.0: Limiting direct PCI/PCI transfers
[   11.931024] pci 0000:00:01.0: Activating ISA DMA hang workarounds
[   11.953311] Unpacking initramfs...
[   14.429177] Freeing initrd memory: 10772K
[   14.474644] RAPL PMU detected, API unit is 2^-32 Joules, 4 fixed counters 10737418240 ms ovfl timer
[   14.534566] hw unit of domain pp0-core 2^-0 Joules
[   14.596334] hw unit of domain package 2^-0 Joules
[   14.658071] hw unit of domain dram 2^-0 Joules
[   14.713147] hw unit of domain pp1-gpu 2^-0 Joules
[   14.739381] platform rtc_cmos: registered platform RTC device (no PNP device found)
[   14.789411] Scanning for low memory corruption every 60 seconds
[   14.854572] audit: initializing netlink subsys (disabled)
[   14.914906] audit: type=2000 audit(1507191278.140:1): initialized
[   14.992240] Initialise system trusted keyring
[   15.019939] HugeTLB registered 2 MB page size, pre-allocated 0 pages
[   15.086347] zbud: loaded
[   15.113433] VFS: Disk quotas dquot_6.6.0
[   15.151345] VFS: Dquot-cache hash table entries: 512 (order 0, 4096 bytes)
[   15.217340] squashfs: version 4.0 (2009/01/31) Phillip Lougher
[   15.237258] fuse init (API version 7.23)
[   15.253867] Key type big_key registered
[   15.286590] Allocating IMA MOK and blacklist keyrings.
[   15.316735] Key type asymmetric registered
[   15.330090] Asymmetric key parser 'x509' registered
[   15.340344] Block layer SCSI generic (bsg) driver version 0.4 loaded (major 249)
[   15.388828] io scheduler noop registered
[   15.399922] io scheduler deadline registered (default)
[   15.453048] io scheduler cfq registered
[   15.497209] pci_hotplug: PCI Hot Plug PCI Core version: 0.5
[   15.537432] pciehp: PCI Express Hot Plug Controller Driver version: 0.4
[   15.576809] ACPI: AC Adapter [AC] (on-line)
[   15.632751] input: Power Button as /devices/LNXSYSTM:00/LNXPWRBN:00/input/input0
[   15.669707] ACPI: Power Button [PWRF]
[   15.722260] input: Sleep Button as /devices/LNXSYSTM:00/LNXSLPBN:00/input/input1
[   15.768704] tsc: Refined TSC clocksource calibration: 2698.781 MHz
[   15.803847] clocksource: tsc: mask: 0xffffffffffffffff max_cycles: 0x26e6bf36c88, max_idle_ns: 440795331320 ns
[   15.803897] ACPI: Sleep Button [SLPF]
[   15.804186] GHES: HEST is not enabled!
[   15.856425] ACPI: Battery Slot [BAT0] (battery present)
[   15.856475] Serial: 8250/16550 driver, 32 ports, IRQ sharing enabled
[   15.891882] 00:02: ttyS0 at I/O 0x3f8 (irq = 4, base_baud = 115200) is a 16550A
[   15.909499] Linux agpgart interface v0.103
[   15.937947] loop: module loaded
[   15.938644] scsi host0: ata_piix
[   15.938723] scsi host1: ata_piix
[   15.938767] ata1: PATA max UDMA/33 cmd 0x1f0 ctl 0x3f6 bmdma 0xd000 irq 14
[   15.938768] ata2: PATA max UDMA/33 cmd 0x170 ctl 0x376 bmdma 0xd008 irq 15
[   15.938876] libphy: Fixed MDIO Bus: probed
[   15.938879] tun: Universal TUN/TAP device driver, 1.6
[   15.938880] tun: (C) 1999-2004 Max Krasnyansky <maxk@qualcomm.com>
[   15.940486] PPP generic driver version 2.4.2
[   15.940573] ehci_hcd: USB 2.0 'Enhanced' Host Controller (EHCI) Driver
[   15.940578] ehci-pci: EHCI PCI platform driver
[   15.940595] ehci-platform: EHCI generic platform driver
[   15.940604] ohci_hcd: USB 1.1 'Open' Host Controller (OHCI) Driver
[   15.940608] ohci-pci: OHCI PCI platform driver
[   15.940617] ohci-platform: OHCI generic platform driver
[   15.940624] uhci_hcd: USB Universal Host Controller Interface driver
[   15.940679] i8042: PNP: PS/2 Controller [PNP0303:PS2K,PNP0f03:PS2M] at 0x60,0x64 irq 1,12
[   15.941125] serio: i8042 KBD port at 0x60,0x64 irq 1
[   15.941130] serio: i8042 AUX port at 0x60,0x64 irq 12
[   15.941219] mousedev: PS/2 mouse device common for all mice
[   15.941476] input: AT Translated Set 2 keyboard as /devices/platform/i8042/serio0/input/input2
[   15.941811] rtc_cmos rtc_cmos: rtc core: registered rtc_cmos as rtc0
[   15.941861] rtc_cmos rtc_cmos: alarms up to one day, 114 bytes nvram
[   15.941866] i2c /dev entries driver
[   15.941914] device-mapper: uevent: version 1.0.3
[   15.941964] device-mapper: ioctl: 4.34.0-ioctl (2015-10-28) initialised: dm-devel@redhat.com
[   15.941981] ledtrig-cpu: registered to indicate activity on CPUs
[   15.942209] NET: Registered protocol family 10
[   15.942367] NET: Registered protocol family 17
[   15.942380] Key type dns_resolver registered
[   15.942512] microcode: CPU0 sig=0x306d4, pf=0x40, revision=0x0
[   15.950663] microcode: CPU1 sig=0x306d4, pf=0x40, revision=0x0
[   15.950744] microcode: Microcode Update Driver: v2.01 <tigran@aivazian.fsnet.co.uk>, Peter Oruba
[   15.950877] registered taskstats version 1
[   15.950892] Loading compiled-in X.509 certificates
[   15.951638] Loaded X.509 cert 'Build time autogenerated kernel key: b1a6ea8776bed2812c00d8a799f968274ef48628'
[   15.951677] zswap: loaded using pool lzo/zbud
[   15.954087] Key type trusted registered
[   15.957145] Key type encrypted registered
[   15.957152] AppArmor: AppArmor sha1 policy hashing enabled
[   15.957155] ima: No TPM chip found, activating TPM-bypass!
[   15.957174] evm: HMAC attrs: 0x1
[   15.957610]   Magic number: 5:414:219
[   15.964230] rtc_cmos rtc_cmos: setting system clock to 2017-10-05 08:14:43 UTC (1507191283)
[   15.964360] BIOS EDD facility v0.16 2004-Jun-25, 0 devices found
[   15.964360] EDD information not available.
[   18.968878] Freeing unused kernel memory: 1492K
[   19.069725] Write protecting the kernel read-only data: 14336k
[   19.178643] Freeing unused kernel memory: 1748K
[   19.265602] Freeing unused kernel memory: 112K
Loading, please wait...
starting version[   19.362865] random: systemd-udevd: uninitialized urandom read (16 bytes read, 7 bits of entropy available)
 229
[   19.364577] random: udevadm: uninitialized urandom read (16 bytes read, 7 bits of entropy available)
[   19.364635] random: udevadm: uninitialized urandom read (16 bytes read, 7 bits of entropy available)
[   19.364912] random: udevadm: uninitialized urandom read (16 bytes read, 7 bits of entropy available)
[   19.364987] random: udevadm: uninitialized urandom read (16 bytes read, 7 bits of entropy available)
[   19.365103] random: udevadm: uninitialized urandom read (16 bytes read, 7 bits of entropy available)
[   19.365305] random: udevadm: uninitialized urandom read (16 bytes read, 7 bits of entropy available)
[   19.365474] random: udevadm: uninitialized urandom read (16 bytes read, 7 bits of entropy available)
[   19.365534] random: udevadm: uninitialized urandom read (16 bytes read, 7 bits of entropy available)
[   19.365588] random: udevadm: uninitialized urandom read (16 bytes read, 7 bits of entropy available)
[   19.945070] e1000: Intel(R) PRO/1000 Network Driver - version 7.3.21-k8-NAPI
[   20.022742] e1000: Copyright (c) 1999-2006 Intel Corporation.
[   20.105155] Fusion MPT base driver 3.04.20
[   20.151686] Copyright (c) 1999-2008 LSI Corporation
[   20.205984] Fusion MPT SPI Host driver 3.04.20
[   20.245940] AVX version of gcm_enc/dec engaged.
[   20.265222] AES CTR mode by8 optimization enabled
[   20.378495] input: ImExPS/2 Generic Explorer Mouse as /devices/platform/i8042/serio1/input/input4
[   20.754244] e1000 0000:00:03.0 eth0: (PCI:33MHz:32-bit) 02:09:68:14:77:96
[   20.805203] e1000 0000:00:03.0 eth0: Intel(R) PRO/1000 Network Connection
[   21.284316] e1000 0000:00:08.0 eth1: (PCI:33MHz:32-bit) 08:00:27:0d:53:f3
[   21.389011] e1000 0000:00:08.0 eth1: Intel(R) PRO/1000 Network Connection
[   21.495306] e1000 0000:00:08.0 enp0s8: renamed from eth1
[   21.574319] mptbase: ioc0: Initiating bringup
[   21.660433] e1000 0000:00:03.0 enp0s3: renamed from eth0
[   21.807444] ioc0: LSI53C1030 A0: Capabilities={Initiator}
[   22.100254] scsi host2: ioc0: LSI53C1030 A0, FwRev=00000000h, Ports=1, MaxQ=256, IRQ=20
[   22.442000] scsi 2:0:0:0: Direct-Access     VBOX     HARDDISK         1.0  PQ: 0 ANSI: 5
[   22.486773] scsi target2:0:0: Beginning Domain Validation
[   22.545031] scsi target2:0:0: Domain Validation skipping write tests
[   22.615385] scsi target2:0:0: Ending Domain Validation
[   22.644023] scsi target2:0:0: asynchronous
[   22.661891] scsi 2:0:1:0: Direct-Access     VBOX     HARDDISK         1.0  PQ: 0 ANSI: 5
[   22.780287] scsi target2:0:1: Beginning Domain Validation
[   22.884494] scsi target2:0:1: Domain Validation skipping write tests
[   22.996137] scsi target2:0:1: Ending Domain Validation
[   23.008495] scsi target2:0:1: asynchronous
[   23.174619] floppy0: no floppy controllers found
[   23.247118] sd 2:0:0:0: Attached scsi generic sg0 type 0
[   23.289410] sd 2:0:0:0: [sda] 20971520 512-byte logical blocks: (10.7 GB/10.0 GiB)
[   23.354092] sd 2:0:0:0: [sda] Write Protect is off
[   23.369618] sd 2:0:1:0: [sdb] 20480 512-byte logical blocks: (10.5 MB/10.0 MiB)
[   23.369787] sd 2:0:1:0: Attached scsi generic sg1 type 0
[   23.480979] sd 2:0:0:0: [sda] Incomplete mode parameter data
[   23.481251] sd 2:0:1:0: [sdb] Write Protect is off
[   23.481389] sd 2:0:1:0: [sdb] Incomplete mode parameter data
[   23.481391] sd 2:0:1:0: [sdb] Assuming drive cache: write through
[   23.595078] sd 2:0:1:0: [sdb] Attached SCSI disk
[   24.086719] sd 2:0:0:0: [sda] Assuming drive cache: write through
[   24.128356]  sda: sda1
[   24.144919] sd 2:0:0:0: [sda] Attached SCSI disk
Begin: Loading e[   26.088685] md: linear personality registered for level -1
ssential drivers ... [   26.186330] md: multipath personality registered for level -4
[   26.247304] md: raid0 personality registered for level 0
[   26.297959] md: raid1 personality registered for level 1
[   26.416189] raid6: sse2x1   gen()  6198 MB/s
[   26.526033] raid6: sse2x1   xor()  1976 MB/s
[   26.636198] raid6: sse2x2   gen()  6511 MB/s
[   26.735952] raid6: sse2x2   xor()  2737 MB/s
[   26.896103] raid6: sse2x4   gen()  6278 MB/s
[   27.004751] raid6: sse2x4   xor()  4563 MB/s
[   27.026875] raid6: using algorithm sse2x2 gen() 6511 MB/s
[   27.055868] raid6: .... xor() 2737 MB/s, rmw enabled
[   27.082270] raid6: using ssse3x2 recovery algorithm
[   27.178016] xor: automatically using best checksumming function:
[   27.364709]    avx       :  3794.000 MB/sec
[   27.379729] async_tx: api initialized (async)
[   27.426201] md: raid6 personality registered for level 6
[   27.478952] md: raid5 personality registered for level 5
[   27.521464] md: raid4 personality registered for level 4
[   27.572994] md: raid10 personality registered for level 10
done.
Begin: Running /scripts/init-premount ... done.
Begin: Mounting root file system ... Begin: Running /scripts/local-top ... done.
Begin:[   27.927247] Btrfs loaded
 Running /scripts/local-premount ... Scanning for Btrfs filesyst[   28.072504] EXT4-fs (sda1): mounted filesystem with ordered data mode. Opts: (null)
ems
done.
Warning: fsck not present, so skipping root file system
done.
Begin: Running /scripts/local-bottom ... done.
Begin: Running /scripts/init-bottom ... done.
[   28.509935] systemd[1]: systemd 229 running in system mode. (+PAM +AUDIT +SELINUX +IMA +APPARMOR +SMACK +SYSVINIT +UTMP +LIBCRYPTSETUP +GCRYPT +GNUTLS +ACL +XZ -LZ4 +SECCOMP +BLKID +ELFUTILS +KMOD -IDN)
[   28.559528] systemd[1]: Detected virtualization oracle.
[   28.769954] systemd[1]: Detected architecture x86-64.

Welcome to [1mUbuntu 16.04.3 LTS[0m!

[   28.973373] systemd[1]: Set hostname to <ubuntu>.
[   29.128781] systemd[1]: Initializing machine ID from random generator.
[   29.177662] systemd[1]: Installed transient /etc/machine-id file.
[   29.343036] random: nonblocking pool is initialized
[   29.681535] systemd[1]: Listening on LVM2 poll daemon socket.
[[0;32m  OK  [0m] Listening on LVM2 poll daemon socket.
[   29.768633] systemd[1]: Reached target Swap.
[[0;32m  OK  [0m] Reached target Swap.
[   29.802739] systemd[1]: Listening on Device-mapper event daemon FIFOs.
[[0;32m  OK  [0m] Listening on Device-mapper event daemon FIFOs.
[   29.862805] systemd[1]: Created slice System Slice.
[[0;32m  OK  [0m] Created slice System Slice.
[   29.916619] systemd[1]: Listening on Syslog Socket.
[[0;32m  OK  [0m] Listening on Syslog Socket.
[   29.966832] systemd[1]: Created slice system-serial\x2dgetty.slice.
[[0;32m  OK  [0m] Created slice system-serial\x2dgetty.slice.
[   30.025460] systemd[1]: Reached target User and Group Name Lookups.
[[0;32m  OK  [0m] Reached target User and Group Name Lookups.
[   30.117752] systemd[1]: Created slice User and Session Slice.
[[0;32m  OK  [0m] Created slice User and Session Slice.
[   30.178473] systemd[1]: Listening on udev Kernel Socket.
[[0;32m  OK  [0m] Listening on udev Kernel Socket.
[   30.292589] systemd[1]: Started Trigger resolvconf update for networkd DNS.
[[0;32m  OK  [0m] Started Trigger resolvconf update for networkd DNS.
[   30.368694] systemd[1]: Listening on Journal Audit Socket.
[[0;32m  OK  [0m] Listening on Journal Audit Socket.
[   30.497434] systemd[1]: Listening on Journal Socket (/dev/log).
[[0;32m  OK  [0m] Listening on Journal Socket (/dev/log).
[   30.857541] systemd[1]: Started Forward Password Requests to Wall Directory Watch.
[[0;32m  OK  [0m] Started Forward Password Requests to Wall Directory Watch.
[   30.996682] systemd[1]: Listening on udev Control Socket.
[[0;32m  OK  [0m] Listening on udev Control Socket.
[   31.060488] systemd[1]: Reached target Encrypted Volumes.
[[0;32m  OK  [0m] Reached target Encrypted Volumes.
[   31.138087] systemd[1]: Listening on LVM2 metadata daemon socket.
[[0;32m  OK  [0m] Listening on LVM2 metadata daemon socket.
[   31.261158] systemd[1]: Reached target Slices.
[[0;32m  OK  [0m] Reached target Slices.
[   31.324563] systemd[1]: Listening on Journal Socket.
[[0;32m  OK  [0m] Listening on Journal Socket.
[   31.463140] systemd[1]: Mounting Huge Pages File System...
         Mounting Huge Pages File System...
[   31.548379] systemd[1]: Starting Load Kernel Modules...
[   31.695146] Loading iSCSI transport class v2.0-870.
         Starting Load Ke[   31.747922] iscsi: registered transport (tcp)
rnel Modules...
[   31.800523] systemd[1]: Starting Journal Service...
         Starting Journal Service...
[   31.907283] systemd[1]: Mounting POSIX Message Queue File System...
         Mounting POSIX Message Queue File System...
[   31.989099] iscsi: registered transport (iser)
[   32.033060] systemd[1]: Starting Uncomplicated firewall...
         Starting Uncomplicated firewall...
[   32.167234] systemd[1]: Starting Monitoring of LVM2 mirrors, snapshots etc. using dmeventd or progress polling...
         Starting Monitoring of LVM2 mirrors... dmeventd or progress polling...
[   32.328630] systemd[1]: Starting Remount Root and Kernel File Systems...
[   32.335204] EXT4-fs (sda1): re-mounted. Opts: (null)
         Starting Remount Root and Kernel File Systems...
[   32.480239] systemd[1]: Starting Create list of required static device nodes for the current kernel...
         Starting Create list of required st... nodes for the current kernel...
[   32.708684] systemd[1]: Starting Set console keymap...
         Starting Set console keymap...
[   32.796689] systemd[1]: Starting Nameserver information manager...
         Starting Nameserver information manager...
[   32.904340] systemd[1]: Mounting Debug File System...
         Mounting Debug File System...
[   32.980939] systemd[1]: Listening on /dev/initctl Compatibility Named Pipe.
[[0;32m  OK  [0m] Listening on /dev/initctl Compatibility Named Pipe.
[   33.028365] systemd[1]: Set up automount Arbitrary Executable File Formats File System Automount Point.
[[0;32m  OK  [0m] Set up automount Arbitrary Executab...ats File System Automount Point.
[   33.199620] systemd[1]: Mounted Debug File System.
[[0;32m  OK  [0m] Mounted Debug File System.
[   33.268898] systemd[1]: Mounted Huge Pages File System.
[[0;32m  OK  [0m] Mounted Huge Pages File System.
[   33.336862] systemd[1]: Mounted POSIX Message Queue File System.
[[0;32m  OK  [0m] Mounted POSIX Message Queue File System.
[   33.468867] systemd[1]: Started Journal Service.
[[0;32m  OK  [0m] Started Journal Service.
[[0;32m  OK  [0m] Started Load Kernel Modules.
[[0;32m  OK  [0m] Started Uncomplicated firewall.
[[0;32m  OK  [0m] Started Remount Root and Kernel File Systems.
[[0;32m  OK  [0m] Started Create list of required sta...ce nodes for the current kernel.
[[0;32m  OK  [0m] Started Set console keymap.
[[0;32m  OK  [0m] Started Nameserver information manager.
[[0;32m  OK  [0m] Started LVM2 metadata daemon.
         Starting Create Static Device Nodes in /dev...
         Starting udev Coldplug all Devices...
         Starting Initial cloud-init job (pre-networking)...
         Starting Load/Save Random Seed...
         Mounting FUSE Control File System...
         Starting Apply Kernel Variables...
         Starting Flush Journal to Persistent Storage...
[[0;32m  OK  [0m] Mounted FUSE Control File System.
[[0;32m  OK  [0m] Started Monitoring of LVM2 mirrors,...ng dmeventd or progress polling.
[[0;32m  OK  [0m] Started Create Static Device Nodes in /dev.
[[0;32m  OK  [0m] Started Load/Save Random Seed.
[[0;32m  OK  [0m] Started Apply Kernel Variables.
[[0;32m  OK  [0m] Started udev Coldplug all Devices.
[[0;32m  OK  [0m] Started Flush Journal to Persistent Storage.
         Starting udev Kernel Device Manager...
[[0;32m  OK  [0m] Started udev Kernel Device Manager.
[[0;32m  OK  [0m] Started Dispatch Password Requests to Console Directory Watch.
[[0;32m  OK  [0m] Reached target Local File Systems (Pre).
[[0;32m  OK  [0m] Reached target Local File Systems.
         Starting Create Volatile Files and Directories...
         Starting LSB: AppArmor initialization...
         Starting Set console font and keymap...
         Starting Tell Plymouth To Write Out Runtime Data...
         Starting Commit a transient machine-id on disk...
[[0;32m  OK  [0m] Started Create Volatile Files and Directories.
[   26.105148] cloud-init[450]: Cloud-init v. 0.7.9 running 'init-local' at Thu, 05 Oct 2017 08:15:03 +0000. Up 25.39 seconds.
[[0;32m  OK  [0m] Started Tell Plymouth To Write Out Runtime Data.
[[0;32m  OK  [0m] Started Commit a transient machine-id on disk.
[[0;32m  OK  [0m] Started Initial cloud-init job (pre-networking).
[[0;32m  OK  [0m] Found device /dev/ttyS0.
[[0;32m  OK  [0m] Started Set console font and keymap.
[[0;32m  OK  [0m] Listening on Load/Save RF Kill Switch Status /dev/rfkill Watch.
[[0;32m  OK  [0m] Created slice system-getty.slice.
[[0;32m  OK  [0m] Reached target Network (Pre).
         Starting Update UTMP about System Boot/Shutdown...
[[0;32m  OK  [0m] Reached target System Time Synchronized.
[[0;32m  OK  [0m] Started Update UTMP about System Boot/Shutdown.
[[0;32m  OK  [0m] Started LSB: AppArmor initialization.
         Starting Raise network interfaces...
[[0;32m  OK  [0m] Started Raise network interfaces.
         Starting Initial cloud-init job (metadata service crawler)...
[[0;32m  OK  [0m] Reached target Network.
[   30.575105] cloud-init[953]: Cloud-init v. 0.7.9 running 'init' at Thu, 05 Oct 2017 08:15:06 +0000. Up 29.09 seconds.
[   30.688802] cloud-init[953]: ci-info: +++++++++++++++++++++++++++++++++++++Net device info++++++++++++++++++++++++++++++++++++++
[[0;32m  OK  [0m[   30.828345] cloud-init[953]: ci-info: +--------+-------+---------------------------+---------------+-------+-------------------+
[   30.828443] cloud-init[953]: ci-info: | Device |   Up  |          Address          |      Mask     | Scope |     Hw-Address    |
[   30.828514] cloud-init[953]: ci-info: +--------+-------+---------------------------+---------------+-------+-------------------+
[   30.828575] cloud-init[953]: ci-info: |   lo   |  True |         127.0.0.1         |   255.0.0.0   |   .   |         .         |
[   30.828636] cloud-init[953]: ci-info: |   lo   |  True |          ::1/128          |       .       |  host |         .         |
[   30.828693] cloud-init[953]: ci-info: | enp0s8 | False |             .             |       .       |   .   | 08:00:27:0d:53:f3 |
[   30.828749] cloud-init[953]: ci-info: | enp0s3 |  True |         10.0.2.15         | 255.255.255.0 |   .   | 02:09:68:14:77:96 |
[   30.828809] cloud-init[953]: ci-info: | enp0s3 |  True | fe80::9:68ff:fe14:7796/64 |       .       |  link | 02:09:68:14:77:96 |
[   30.828866] cloud-init[953]: ci-info: +--------+-------+---------------------------+---------------+-------+-------------------+
[   30.828923] cloud-init[953]: ci-info: +++++++++++++++++++++++++++Route IPv4 info++++++++++++++++++++++++++++
[   30.828979] cloud-init[953]: ci-info: +-------+-------------+----------+---------------+-----------+-------+
[   30.829034] cloud-init[953]: ci-info: | Route | Destination | Gateway  |    Genmask    | Interface | Flags |
[   30.829091] cloud-init[953]: ci-info: +-------+-------------+----------+---------------+-----------+-------+
[   30.829146] cloud-init[953]: ci-info: |   0   |   0.0.0.0   | 10.0.2.2 |    0.0.0.0    |   enp0s3  |   UG  |
[   30.829200] cloud-init[953]: ci-info: |   1   |   10.0.2.0  | 0.0.0.0  | 255.255.255.0 |   enp0s3  |   U   |
[   30.829253] cloud-init[953]: ci-info: +-------+-------------+----------+---------------+-----------+-------+
[   30.829337] cloud-init[953]: Generating public/private rsa key pair.
[   30.829412] cloud-init[953]: Your identification has been saved in /etc/ssh/ssh_host_rsa_key.
[   30.829468] cloud-init[953]: Your public key has been saved in /etc/ssh/ssh_host_rsa_key.pub.
[   30.829522] cloud-init[953]: The key fingerprint is:
[   30.829576] cloud-init[953]: SHA256:qGspG8nrms+SX0L3sJbtRsTS0Umzi6kDKBPNf0YUNwg root@ubuntu-xenial
[   30.829631] cloud-init[953]: The key's randomart image is:
[   30.829684] cloud-init[953]: +---[RSA 2048]----+
[   30.829738] cloud-init[953]: |    E.o==.       |
[   30.829792] cloud-init[953]: | o   .o.o+       |
[   30.829848] cloud-init[953]: |. o  o...        |
[   30.829903] cloud-init[953]: | o ...++ .       |
[   30.829956] cloud-init[953]: |+ o +o* S        |
[   30.830009] cloud-init[953]: |.+ + @.          |
[   30.830061] cloud-init[953]: | .= Ooo          |
[   30.830114] cloud-init[953]: |oo.*o+.          |
[   30.830167] cloud-init[953]: |o*B+...          |
[   30.830221] cloud-init[953]: +----[SHA256]-----+
[   30.830276] cloud-init[953]: Generating public/private dsa key pair.
[   30.830328] cloud-init[953]: Your identification has been saved in /etc/ssh/ssh_host_dsa_key.
[   30.830386] cloud-init[953]: Your public key has been saved in /etc/ssh/ssh_host_dsa_key.pub.
[   30.830440] cloud-init[953]: The key fingerprint is:
[   30.830509] cloud-init[953]: SHA256:+vg942RWYpYpu+hXBDTg5q8AzEyBBwydb69Zf3Y8Y80 root@ubuntu-xenial
[   30.830618] cloud-init[953]: The key's randomart image is:
[   30.831021] cloud-init[953]: +---[DSA 1024]----+
[   30.831351] cloud-init[953]: |=+..  .oo        |
[   30.831537] cloud-init[953]: |..+. .  ..       |
[   30.831601] cloud-init[953]: | ...  o  .       |
[   30.831657] cloud-init[953]: | =  oo    .o     |
[   30.831713] cloud-init[953]: |  =. .. S.* .    |
[   30.831767] cloud-init[953]: |   .  oo =.o     |
[   30.831821] cloud-init[953]: |    .+..o.+. o   |
[   30.831910] cloud-init[953]: |    o. =o*= * E  |
[   30.831995] cloud-init[953]: |     .=o++o= o   |
[   30.832058] ] Started Initial cloud-init job (metadata service crawler).
[[0;32m  OK  [0m] Reached target System Initialization.
cloud-init[953]: +----[SHA256]-----+
[   34.700558] cloud-init[953]: Generating public/private ecdsa key pair.
[[0;32m  OK  [0m] Started ACPI Events Check.
[[0;32m  OK  [0m] Reached target Paths.
[   34.769103] cloud-init[953]: Your identification has been saved in /etc/ssh/ssh_host_ecdsa_key.
         Starting LXD - unix socket.[   34.974077] 
cloud-init[953]: Your public key has been saved in /etc/ssh/ssh_host_ecdsa_key.pub.
[[   34.974898] cloud-init[953]: The key fingerprint is:
[   35.061995] cloud-init[953]: SHA256:JrG6sy0or9HMSQEBK6pJC37rfwRHyzRZG8KXBlhO470 root@ubuntu-xenial
[   35.062398] cloud-init[953]: The key's randomart image is:
[   35.062483] cloud-init[953]: +---[ECDSA 256]---+
[   35.062552] cloud-init[953]: |=.    +*+o.      |
[0;32m  OK  [0m] Started Timer to automatically refresh installed snaps.
[   35.062613] cloud-init[953]: | o   .+*++o      |
[   35.400537] cloud-init[953]: |o .   =o=o       |
[   35.401079] cloud-init[953]: |o  . . *  .      |
[[0;32m  OK  [0m] Listening on ACPID Listen Socket.
[[   35.401347] cloud-init[953]: |o..   = SE       |
[   35.514333] cloud-init[953]: |=*.. . +         |
[0;32m  OK  [0m] Listening on D-Bus System Message Bus Socket.
[[0;32m  OK  [0m[   35.514643] ] cloud-initStarted Daily Cleanup of Temporary Directories.[953]: 
|+o=o. .          |
[   35.827117] cloud-init[953]: |..o +o .         |
[   35.827681] cloud-init[953]: |.+oo+=o          |
         Starting Socket activation for snappy daemon.
[   35.828321] cloud-init[953]: +----[SHA256]-----+
[   35.965511] cloud-init[953]: Generating public/private ed25519 key pair.
[[0;32m  OK  [0m] Started Timer to automatically fetch and run repair assertions.
[[   35.965776] cloud-init[953]: Your identification has been saved in /etc/ssh/ssh_host_ed25519_key.
[   36.161258] cloud-init[953]: Your public key has been saved in /etc/ssh/ssh_host_ed25519_key.pub.
[0;32m  OK  [0m] Listening on UUID daemon activation socket.
[   36.161483] [cloud-init[953]: The key fingerprint is:
[0;32m  OK  [0m] Reached target Network is Online.
[   36.406148] cloud-init[953]: SHA256:xL28iLx/9+nYMrEJvmNR85dyQNDv9+dBeNIU58hB7Gs root@ubuntu-xenial
[   36.600590] cloud-init[953]: The key's randomart image is:
         Starting iSCSI initiator daemon (iscsid)...
[   36.601244] cloud-init[953]: +--[ED25519 256]--+
[   36.708500] cloud-init[953]: |           .ooo..|
[[0;32m  OK  [0m] Started Daily apt download activities.
[[   36.709490] cloud-init[953]: |       . .   +.+o|
[   36.801558] cloud-init[953]: |        o . ..+..|
[0;32m  OK  [0m] Started Daily apt upgrade and clean activities.
[   36.801816] [cloud-init[0;32m  OK  [0m[953]: ] |       . . .o.=. |Reached target Timers.

[   37.060629] cloud-init[953]: |        S o. =o=.|
[[0;32m  OK  [0m] Reached target Cloud-config availability.
[   37.061315] cloud-init[953]: |     . . .o...E+o|
[   37.197115] cloud-init[953]: |      o ...o =ooo|
[   37.197832] [cloud-init[0;32m  OK  [0m[953]: ] |       .  = *o .+|Listening on LXD - unix socket.

[[   37.198515] cloud-init[953]: |      ...o.+.==.o|
[   37.301625] cloud-init[953]: +----[SHA256]-----+
[0;32m  OK  [0m] Listening on Socket activation for snappy daemon.
[[0;32m  OK  [0m] Started iSCSI initiator daemon (iscsid).
         Starting Login to default iSCSI targets...
[[0;32m  OK  [0m] Reached target Sockets.
[[0;32m  OK  [0m] Reached target Basic System.
[[0;32m  OK  [0m] Started FUSE filesystem for LXC.
         Starting Login Service...
[[0;32m  OK  [0m] Started Unattended Upgrades Shutdown.
         Starting Apply the settings specified in cloud-config...
[[0;32m  OK  [0m] Started Regular background program processing daemon.
[[0;32m  OK  [0m] Started Deferred execution scheduler.
         Starting System Logging Service...
         Starting Pollinate to seed the pseudo random number generator...
         Starting LSB: Record successful boot for GRUB...
[[0;32m  OK  [0m] Started ACPI event daemon.
         Starting LSB: MD monitoring daemon...
[[0;32m  OK  [0m] Started D-Bus System Message Bus.
         Starting /etc/rc.local Compatibility...
         Starting Accounts Service...
         Starting Snappy daemon...
         Starting LXD - container startup/shutdown...
[[0;32m  OK  [0m] Started System Logging Service.
[[0;32m  OK  [0m] Started /etc/rc.local Compatibility.
[[0;32m  OK  [0m] Started Login to default iSCSI targets.
[[0;32m  OK  [0m] Started LSB: Record successful boot for GRUB.
[[0;32m  OK  [0m] Started Pollinate to seed the pseudo random number generator.
[[0;32m  OK  [0m] Started LXD - container startup/shutdown.
[[0;32m  OK  [0m] Started Snappy daemon.
[[0;32m  OK  [0m] Started LSB: MD monitoring daemon.
[[0;32m  OK  [0m] Started Login Service.
         Starting Authenticate and Authorize Users to Run Privileged Tasks...
[   39.440435] cloud-init[1060]: Generating locales (this might take a while)...
         Starting Auto import assertions from block devices...
         Starting OpenBSD Secure Shell server...
[[0;32m  OK  [0m] Reached target Remote File Systems (Pre).
[[0;32m  OK  [0m] Reached target Remote File Systems.
         Starting Permit User Sessions...
         Starting LSB: Set the CPU Frequency Scaling governor to "ondemand"...
         Starting LSB: daemon to balance interrupts for SMP systems...
         Starting LSB: VirtualBox Linux Additions...
         Starting LSB: automatic crash report generation...
[[0;32m  OK  [0m] Started OpenBSD Secure Shell server.
[[0;32m  OK  [0m] Started Auto import assertions from block devices.
[[0;32m  OK  [0m] Started Permit User Sessions.
[[0;32m  OK  [0m] Started Authenticate and Authorize Users to Run Privileged Tasks.
[[0;32m  OK  [0m] Started Accounts Service.
[[0;32m  OK  [0m] Started LSB: Set the CPU Frequency Scaling governor to "ondemand".
[[0;32m  OK  [0m] Started LSB: daemon to balance interrupts for SMP systems.
         Starting Terminate Plymouth Boot Screen...
         Starting Hold until boot process finishes up...
[[0;32m  OK  [0m] Started LSB: VirtualBox Linux Additions.
[[0;32m  OK  [0m] Started LSB: automatic crash report generation.
[[0;32m  OK  [0m] Started Terminate Plymouth Boot Screen.
[[0;32m  OK  [0m] Started Hold until boot process finishes up.
[[0;32m  OK  [0m] Started Getty on tty1.
         Starting Set console scheme...
[[0;32m  OK  [0m] Started Serial Getty on ttyS0.
[[0;32m  OK  [0m] Reached target Login Prompts.
[[0;32m  OK  [0m] Reached target Multi-User System.
[[0;32m  OK  [0m] Reached target Graphical Interface.
         Starting Update UTMP about System Runlevel Changes...
[[0;32m  OK  [0m] Started Set console scheme.
[[0;32m  OK  [0m] Started Update UTMP about System Runlevel Changes.
[   41.741130] cloud-init[1060]:   en_US.UTF-8... done
[   41.777451] cloud-init[1060]: Generation complete.
         Stopping OpenBSD Secure Shell server...
[[0;32m  OK  [0m] Stopped OpenBSD Secure Shell server.
         Starting OpenBSD Secure Shell server...
[[0;32m  OK  [0m] Started OpenBSD Secure Shell server.
[[0;32m  OK  [0m] Created slice User Slice of ubuntu.
         Starting User Manager for UID 1000...
[[0;32m  OK  [0m] Started User Manager for UID 1000.
[[0;32m  OK  [0m] Started Session 1 of user ubuntu.
[   42.567544] cloud-init[1060]: Cloud-init v. 0.7.9 running 'modules:config' at Thu, 05 Oct 2017 08:15:16 +0000. Up 38.90 seconds.
[[0;32m  OK  [0m] Started Apply the settings specified in cloud-config.
         Starting Execute cloud user/final scripts...
ci-info: no authorized ssh keys fingerprints found for user ubuntu.
<14>Oct  5 08:15:21 ec2: 
<14>Oct  5 08:15:21 ec2: #############################################################
<14>Oct  5 08:15:21 ec2: -----BEGIN SSH HOST KEY FINGERPRINTS-----
<14>Oct  5 08:15:21 ec2: 1024 SHA256:+vg942RWYpYpu+hXBDTg5q8AzEyBBwydb69Zf3Y8Y80 root@ubuntu-xenial (DSA)
<14>Oct  5 08:15:21 ec2: 256 SHA256:JrG6sy0or9HMSQEBK6pJC37rfwRHyzRZG8KXBlhO470 root@ubuntu-xenial (ECDSA)
<14>Oct  5 08:15:21 ec2: 256 SHA256:xL28iLx/9+nYMrEJvmNR85dyQNDv9+dBeNIU58hB7Gs root@ubuntu-xenial (ED25519)
<14>Oct  5 08:15:21 ec2: 2048 SHA256:qGspG8nrms+SX0L3sJbtRsTS0Umzi6kDKBPNf0YUNwg root@ubuntu-xenial (RSA)
<14>Oct  5 08:15:21 ec2: -----END SSH HOST KEY FINGERPRINTS-----
<14>Oct  5 08:15:21 ec2: #############################################################
-----BEGIN SSH HOST KEY KEYS-----
ecdsa-sha2-nistp256 AAAAE2VjZHNhLXNoYTItbmlzdHAyNTYAAAAIbmlzdHAyNTYAAABBBHrPyEE0LcdZ2QiNghn9lDcxdIeF8Y6lGOiN3Ake5oCG05DUp89wqu+LQj10vQQGrBRU2GB0Bxie6Yn9xvf5LdQ= root@ubuntu-xenial
ssh-ed25519 AAAAC3NzaC1lZDI1NTE5AAAAIDUJSVuGoBXkfaKN+NuFlvuzsQQAkr4SKJ/puzuCYvZm root@ubuntu-xenial
ssh-rsa AAAAB3NzaC1yc2EAAAADAQABAAABAQCUpRFVQ404BrrwC+iFWNkXPeWN2uADVWv0DQRMqwfMVKv+xL7hpwyMKSv2gEoK3iIak8CbNyzPBK0PM8xPbczICvEJT8mp0Mg0k8X4nZKpGNpyZhCsriaXg5WpDwN9aVxr4Oc9EzSnQSnHYwtZUkPVh4pEA987eQS2cGeiawLXOHxm4yq3m/eYEgsobOXivXCG/+6CRbhAJCdDJIp0JBew9G2EpVLyBpSJmqfh1aMVWTbWwoEo+sVs7Qfh6DFeAvlvuSd045gNYMqOImzstQBYy4vKEJOW1PAakkhaGq/TsHOBuOi0kVTpLGN7myfSpq04v4ek6TksrMIac1w1Gjl7 root@ubuntu-xenial
-----END SSH HOST KEY KEYS-----
         Stopping User Manager for UID 1000...
[[0;32m  OK  [0m] Stopped User Manager for UID 1000.
[   45.503729] cloud-init[1400]: Cloud-init v. 0.7.9 running 'modules:final' at Thu, 05 Oct 2017 08:15:21 +0000. Up 43.74 seconds.
[   45.692633] cloud-init[1400]: ci-info: no authorized ssh keys fingerprints found for user ubuntu.
[[0;32m  OK  [0m] Removed slice User Slice of ubuntu.
[[0;32m  OK  [0m] Started Execute cloud user/final scripts.
[   45.693747] cloud-init[1400]: Cloud-init v. 0.7.9 finished at Thu, 05 Oct 2017 08:15:23 +0000. Datasource DataSourceNoCloud [seed=/dev/sdb][dsmode=net].  Up 45.42 seconds

Ubuntu 16.04.3 LTS appserver ttyS0

appserver login: 